// Jest Snapshot v1, https://goo.gl/fbAQLP

exports[`<Avatar /> should render 1`] = `
.emotion-0 {
  max-width: 9rem;
}

<img
  alt="melanie"
  class="emotion-0"
  src="https://storage.googleapis.com/ignitus_assets/ig-avatars/melanie.png"
/>
`;
