// Jest Snapshot v1, https://goo.gl/fbAQLP

exports[`<Notfound /> should render 1`] = `
@keyframes animation-0 {
  0% {
    -webkit-transform: translate(1px,1em);
    -ms-transform: translate(1px,1em);
    transform: translate(1px,1em);
  }

  50% {
    -webkit-transform: translate(0,1em);
    -ms-transform: translate(0,1em);
    transform: translate(0,1em);
  }

  100% {
    -webkit-transform: translate(-1px,1em);
    -ms-transform: translate(-1px,1em);
    transform: translate(-1px,1em);
  }
}

@keyframes animation-1 {
  0%, 30%, 55%, 90%, 100% {
    -webkit-transform: translate(0,0);
    -ms-transform: translate(0,0);
    transform: translate(0,0);
  }

  10%, 25% {
    -webkit-transform: translate(0,20px);
    -ms-transform: translate(0,20px);
    transform: translate(0,20px);
  }

  65% {
    -webkit-transform: translate(-20px,0);
    -ms-transform: translate(-20px,0);
    transform: translate(-20px,0);
  }

  80% {
    -webkit-transform: translate(20px,0);
    -ms-transform: translate(20px,0);
    transform: translate(20px,0);
  }
}

@keyframes animation-2 {
  to {
    text-indent: -373px;
  }
}

.emotion-9 {
  background: #F7F7F7;
}

.emotion-2 {
  display: block;
  position: relative;
  width: 200px;
  margin: 10% auto 0;
  -webkit-animation: animation-0 0.2s infinite;
  animation: animation-0 0.2s infinite;
  height: 100%;
}

.emotion-2::after {
  content: '';
  width: 20px;
  height: 20px;
  background: white;
  position: absolute;
  top: 30px;
  left: 25px;
  border-radius: 50%;
  box-shadow: 125px 0 0 white;
  -webkit-animation: animation-1 2.5s infinite;
  animation: animation-1 2.5s infinite;
}

.emotion-0 {
  position: relative;
  display: inline-block;
  background: #000066;
  width: 75px;
  height: 80px;
  border-radius: 50%;
  -webkit-transform: rotate(45deg);
  -ms-transform: rotate(45deg);
  transform: rotate(45deg);
}

.emotion-0::after {
  content: '';
  position: absolute;
  border-bottom: 2px solid #000066;
  width: 70px;
  height: 50px;
  left: 0px;
  bottom: -10px;
  border-radius: 50%;
}

.emotion-0::before {
  bottom: auto;
  top: -100px;
  -webkit-transform: rotate(45deg);
  -ms-transform: rotate(45deg);
  transform: rotate(45deg);
  left: 0;
}

.emotion-0:nth-of-type(2) {
  float: right;
  -webkit-transform: rotate(-45deg);
  -ms-transform: rotate(-45deg);
  transform: rotate(-45deg);
}

.emotion-0:nth-of-type(2)::after {
  left: 5px;
}

.emotion-0:nth-of-type(3) {
  display: none;
}

.emotion-3 {
  margin-top: 5rem;
  text-align: center;
}

.emotion-3::before {
  content: 'Got lost? How......?  Ahhhh...!';
  color: #000066;
  width: 120px;
  font-size: 30px;
  overflow: hidden;
  display: inline-block;
  white-space: nowrap;
  -webkit-animation: animation-2 2s infinite steps(3);
  animation: animation-2 2s infinite steps(3);
}

.emotion-8 {
  text-align: center;
  margin-bottom: 6rem;
}

.emotion-6 {
  color: #000066;
}

.emotion-4 {
  font-size: 16px;
  font-weight: 400;
  color: #2D2D2D;
  margin: 0;
  color: #000066;
  font-size: 16px;
}

.emotion-7 {
  border-radius: 5px;
  border: none;
  cursor: pointer;
  outline: none;
  padding: 16px 32px;
  text-align: center;
  line-height: 1rem;
  margin: 0.5rem;
  outline: none;
  font-size: 18px;
  font-weight: 400;
  -webkit-transition: all 0.3s ease;
  transition: all 0.3s ease;
  outline: none;
  color: #ffffff;
  background-color: #000066;
  padding: 16px 32px;
  font-size: 18px;
  border-radius: 5px;
  border: none;
  display: -webkit-inline-box;
  display: -webkit-inline-flex;
  display: -ms-inline-flexbox;
  display: inline-flex;
  -webkit-box-pack: center;
  -webkit-justify-content: center;
  -ms-flex-pack: center;
  justify-content: center;
  -webkit-align-items: center;
  -webkit-box-align: center;
  -ms-flex-align: center;
  align-items: center;
}

.emotion-7:hover,
.emotion-7:focus {
  box-shadow: 0 2px 4px 0 rgba(0,0,0,0.05);
}

.emotion-7 a {
  color: #ffffff;
}

.emotion-7:hover,
.emotion-7:focus {
  background-color: #F9BF64;
  color: #000066;
  outline: none;
}

.emotion-7:hover a,
.emotion-7:focus a {
  color: #000066;
}

.emotion-7:hover svg,
.emotion-7:focus svg {
  fill: #000066;
}

.emotion-7 a {
  color: #ffffff;
}

.emotion-7:hover {
  color: #000066;
}

.emotion-7:hover a {
  color: #000066;
  -webkit-text-decoration: none;
  text-decoration: none;
}

<div
  class="emotion-9"
>
  <div
    class="emotion-2"
  >
    <div
      class="emotion-0"
    />
    <div
      class="emotion-0"
    />
  </div>
  <p
    class="emotion-3"
  />
  <div
    class="emotion-8"
  >
    <div
      class="emotion-6"
    >
      <p
        class="emotion-4"
      >
        Looks like you're lost!
      </p>
      <p
        class="emotion-4"
      >
        The page you are looking for is not available! 
        <span
          aria-label="hammer"
          role="img"
        >
          ðŸ”¨
        </span>
      </p>
    </div>
    <button
      class="emotion-7"
    >
      <a
        href="/"
      >
         Home Page 
      </a>
    </button>
  </div>
</div>
`;
