// Jest Snapshot v1, https://goo.gl/fbAQLP

exports[`<DefaultCheckbox /> should render 1`] = `
<div
  class="css-9ncwx"
>
  <input
    class="css-7sjvxi"
    id="Label"
    name="Label"
    type="checkbox"
    value="Value"
  />
  <label
    class="css-5yljri"
    for="Label"
  >
    <p
      class="css-nbwbpt"
    >
      Label
    </p>
  </label>
</div>
`;
